[?25l[?2004h╔════════════════════════════════════════════════════════════╗[K
║                                                            ║[K
║                          test msg                          ║[K
║                                                            ║[K
║                  [Enter] OK  [Esc] Cancel                  ║[K
║                                                            ║[K
╚════════════════════════════════════════════════════════════╝[K[300D