[?25l[?2004h╔════════════════════════════════════════════════════════════╗[K
║                                                            ║[K
║       Update the super-super-long-long-package-name        ║[K
║                          package?                          ║[K
║                                                            ║[K
║                  [Enter] OK  [Esc] Cancel                  ║[K
║                                                            ║[K
╚════════════════════════════════════════════════════════════╝[K[300D